2026-10-05 17:21:16 - https://example.com - UP - 200 - 1.173161s
2026-10-05 17:21:23 - https://example.com - UP - 200 - 0.072000s
2026-10-05 17:50:32 - https://google.com - UP - 301 - 0.184801s
2026-10-05 17:50:33 - https://example.com - UP - 200 - 0.065121s
2026-10-05 17:50:33 - https://youtube.com - UP - 301 - 0.258929s
2026-10-05 17:50:53 - https://google.com - UP - 301 - 0.194029s
2026-10-05 17:50:53 - https://example.com - UP - 200 - 0.052004s
2026-10-05 17:51:02 - https://youtubeee.com - DOWN - 000 - 5.690165s
2026-10-06 13:29:58 - https://example.com - UP - 200 - 0.089240s
2026-10-06 13:31:37 - https://example.com - UP - 200 - 0.046238s
2026-10-06 13:54:30 - https://google.com - UP - 301 - 0.245482s
2026-10-06 13:54:31 - https://example.com - UP - 200 - 0.077962s
2026-10-06 13:54:34 - https://yout.com - UP - 200 - 1.450233s
2026-10-06 13:54:37 - https://yout.com - UP - 200 - 1.480322s
2026-10-06 13:54:37 - https://google.com - UP - 301 - 0.247422s
2026-10-06 13:54:37 - https://example.com - UP - 200 - 0.065452s
2026-10-06 13:54:41 - https://yout.com - UP - 200 - 1.727007s
2026-10-06 13:54:44 - https://yout.com - UP - 200 - 1.413904s
2026-10-06 13:54:45 - https://google.com - UP - 301 - 0.269652s
2026-10-06 13:54:45 - https://example.com - UP - 200 - 0.096826s
2026-10-06 13:54:48 - https://yout.com - UP - 200 - 1.386774s
2026-10-06 13:54:51 - https://yout.com - UP - 200 - 1.369943s
2026-10-06 14:11:10 - https://google.com - UP - 301 - 0.329927s
2026-10-06 14:11:11 - https://example.com - UP - 200 - 0.208134s
2026-10-06 14:11:14 - https://yout.com - UP - 200 - 1.852155s
2026-10-06 14:11:18 - https://yout.com - UP - 200 - 1.693161s
2026-10-06 14:11:19 - https://google.com - UP - 301 - 0.309393s
2026-10-06 14:11:20 - https://example.com - UP - 200 - 0.181112s
2026-10-06 14:11:23 - https://yout.com - UP - 200 - 1.545217s
